
E:\23VD1A6664\Devops>git init
Initialized empty Git repository in E:/23VD1A6664/Devops/.git/

E:\23VD1A6664\Devops>git config --global user.name "Vyshnavibouroju"

E:\23VD1A6664\Devops>git config --global user.email "vyshnavibouroju@gmail.com"

E:\23VD1A6664\Devops>git config --list
diff.astextplain.textconv=astextplain
filter.lfs.clean=git-lfs clean -- %f
filter.lfs.smudge=git-lfs smudge -- %f
filter.lfs.process=git-lfs filter-process
filter.lfs.required=true
http.sslbackend=schannel
core.autocrlf=true
core.fscache=true
core.symlinks=false
pull.rebase=false
credential.helper=manager
credential.https://dev.azure.com.usehttppath=true
init.defaultbranch=master
user.name=Vyshnavibouroju
user.email=vyshnavibouroju@gmail.com
core.repositoryformatversion=0
core.filemode=false
core.bare=false
core.logallrefupdates=true
core.symlinks=false
core.ignorecase=true

E:\23VD1A6664\Devops>git status
On branch master

No commits yet

Untracked files:
  (use "git add <file>..." to include in what will be committed)
        RegisterForm.html

nothing added to commit but untracked files present (use "git add" to track)

E:\23VD1A6664\Devops>git add RegisterForm.html

E:\23VD1A6664\Devops>git status
On branch master

No commits yet

Changes to be committed:
  (use "git rm --cached <file>..." to unstage)
        new file:   RegisterForm.html


E:\23VD1A6664\Devops>git commit -m "first commit"
[master (root-commit) 1bc5806] first commit
 1 file changed, 42 insertions(+)
 create mode 100644 RegisterForm.html

E:\23VD1A6664\Devops>git branch -M main

E:\23VD1A6664\Devops>git remote add origin https://github.com/Vyshnavibouroju/Registrationrepo.git

E:\23VD1A6664\Devops>git push -u origin main
Enumerating objects: 3, done.
Counting objects: 100% (3/3), done.
Delta compression using up to 6 threads
Compressing objects: 100% (2/2), done.
Writing objects: 100% (3/3), 737 bytes | 368.00 KiB/s, done.
Total 3 (delta 0), reused 0 (delta 0), pack-reused 0 (from 0)
To https://github.com/Vyshnavibouroju/Registrationrepo.git
 * [new branch]      main -> main
branch 'main' set up to track 'origin/main'.

E:\23VD1A6664\Devops>git branch
* main

E:\23VD1A6664\Devops>git clone https://github.com/rajkiran1223/RegisterRepo.git
Cloning into 'RegisterRepo'...
remote: Enumerating objects: 6, done.
remote: Counting objects: 100% (6/6), done.
remote: Compressing objects: 100% (6/6), done.
remote: Total 6 (delta 1), reused 5 (delta 0), pack-reused 0 (from 0)
Receiving objects: 100% (6/6), 533.81 KiB | 4.72 MiB/s, done.
Resolving deltas: 100% (1/1), done.

E:\23VD1A6664\Devops>git branch master

E:\23VD1A6664\Devops>git checkout master
Switched to branch 'master'

E:\23VD1A6664\Devops>git branch
  main
* master

E:\23VD1A6664\Devops>git remote -v
origin  https://github.com/Vyshnavibouroju/Registrationrepo.git (fetch)
origin  https://github.com/Vyshnavibouroju/Registrationrepo.git (push)

E:\23VD1A6664\Devops>git pull origin main
From https://github.com/Vyshnavibouroju/Registrationrepo
 * branch            main       -> FETCH_HEAD
Already up to date.